=== dqn_main training Fri Jun 12 08:58:23 +03 2026 ===
[        8] curriculum phase 0: {'random': 0.5, 'greedy': 0.5}
[        8] eval: greedy: win=0.25 diff=-10.81±1.90  hunter: win=0.24 diff=-10.84±1.74  expectimax: win=0.23 diff=-11.29±2.72
[  250,000] eval: greedy: win=0.52 diff=+1.48±1.70  hunter: win=0.51 diff=+1.52±1.74  expectimax: win=0.49 diff=-1.17±2.82
[  300,000] curriculum phase 1: {'greedy': 0.6, 'hunter': 0.4}
[  500,000] eval: greedy: win=0.54 diff=+2.05±1.75  hunter: win=0.54 diff=+2.25±1.76  expectimax: win=0.47 diff=+0.20±2.39
[  750,000] eval: greedy: win=0.52 diff=+1.34±1.68  hunter: win=0.53 diff=+1.86±1.70  expectimax: win=0.40 diff=-4.04±2.71
[1,000,000] curriculum phase 2: {'greedy': 0.2, 'hunter': 0.2, 'pool': 0.4, 'latest': 0.2}
[1,000,000] eval: greedy: win=0.55 diff=+2.99±1.66  hunter: win=0.55 diff=+2.20±1.74  expectimax: win=0.41 diff=-2.74±2.64
[1,250,000] eval: greedy: win=0.55 diff=+2.66±1.71  hunter: win=0.56 diff=+3.36±1.72  expectimax: win=0.45 diff=-2.62±2.33
[1,500,000] eval: greedy: win=0.53 diff=+1.78±1.78  hunter: win=0.57 diff=+2.26±1.92  expectimax: win=0.43 diff=-2.51±2.39
[1,750,000] eval: greedy: win=0.53 diff=+2.34±1.78  hunter: win=0.55 diff=+2.32±1.81  expectimax: win=0.45 diff=-0.92±2.64
[2,000,000] eval: greedy: win=0.55 diff=+2.62±1.67  hunter: win=0.56 diff=+3.13±1.74  expectimax: win=0.40 diff=-1.82±2.14
[2,250,000] eval: greedy: win=0.58 diff=+3.28±1.66  hunter: win=0.57 diff=+3.24±1.74  expectimax: win=0.48 diff=-0.81±2.29
[2,500,000] curriculum phase 3: {'greedy': 0.1, 'hunter': 0.1, 'expectimax': 0.1, 'pool': 0.45, 'latest': 0.25}
[2,500,000] eval: greedy: win=0.55 diff=+2.43±1.61  hunter: win=0.57 diff=+2.98±1.59  expectimax: win=0.39 diff=-2.08±2.42
[2,750,000] eval: greedy: win=0.57 diff=+2.72±1.68  hunter: win=0.55 diff=+2.15±1.75  expectimax: win=0.43 diff=-2.87±2.84
[3,000,000] eval: greedy: win=0.54 diff=+1.99±1.79  hunter: win=0.53 diff=+1.86±1.68  expectimax: win=0.49 diff=-2.31±2.76
[3,250,000] eval: greedy: win=0.52 diff=+1.33±1.54  hunter: win=0.49 diff=-0.22±1.53  expectimax: win=0.48 diff=-2.40±3.40
[3,500,000] eval: greedy: win=0.58 diff=+2.02±1.75  hunter: win=0.55 diff=+1.93±1.65  expectimax: win=0.51 diff=+0.12±2.95
[3,750,000] eval: greedy: win=0.53 diff=+2.28±1.68  hunter: win=0.52 diff=+2.16±1.81  expectimax: win=0.46 diff=-1.33±3.31
[4,000,000] eval: greedy: win=0.53 diff=+1.82±1.58  hunter: win=0.52 diff=+1.78±1.57  expectimax: win=0.43 diff=-2.38±2.25
[4,250,000] eval: greedy: win=0.53 diff=+1.68±1.77  hunter: win=0.54 diff=+1.40±1.89  expectimax: win=0.45 diff=-1.59±2.74
[4,500,000] eval: greedy: win=0.52 diff=+1.72±1.67  hunter: win=0.53 diff=+1.62±1.82  expectimax: win=0.53 diff=+0.47±2.10
[4,750,000] eval: greedy: win=0.59 diff=+2.47±1.73  hunter: win=0.54 diff=+2.62±1.77  expectimax: win=0.42 diff=-2.31±2.29
[5,000,000] eval: greedy: win=0.53 diff=+1.70±1.76  hunter: win=0.51 diff=+1.55±1.84  expectimax: win=0.55 diff=+1.02±2.05
[5,250,000] eval: greedy: win=0.53 diff=+1.16±1.64  hunter: win=0.52 diff=+1.14±1.60  expectimax: win=0.51 diff=-0.11±2.18
[5,500,000] eval: greedy: win=0.54 diff=+2.29±1.68  hunter: win=0.53 diff=+1.88±1.67  expectimax: win=0.50 diff=-0.40±2.56
[5,750,000] eval: greedy: win=0.56 diff=+2.16±1.71  hunter: win=0.56 diff=+2.25±1.74  expectimax: win=0.51 diff=-1.28±2.34
[6,000,000] eval: greedy: win=0.57 diff=+3.15±1.42  hunter: win=0.53 diff=+2.19±1.74  expectimax: win=0.49 diff=+0.63±2.58
done in 2219.7s -> runs/dqn_main
=== dqn_main done Fri Jun 12 09:35:25 +03 2026 ===
=== tournament with dqn Fri Jun 12 09:35:25 +03 2026 ===
tournament: ['random', 'greedy', 'hunter', 'expectimax16', 'ppo_main', 'ppo_s1', 'ppo_s2', 'nomem-ppo_nomem', 'dqn_main'], 250 mirrored deals per pair
  random vs greedy: win=0.230 diff=-10.75±1.19 (0s)
  random vs hunter: win=0.221 diff=-10.63±1.19 (0s)
  random vs expectimax16: win=0.228 diff=-10.28±1.14 (4s)
  random vs ppo_main: win=0.219 diff=-11.58±1.16 (3s)
  random vs ppo_s1: win=0.238 diff=-10.22±1.23 (2s)
  random vs ppo_s2: win=0.190 diff=-11.09±1.18 (2s)
  random vs nomem-ppo_nomem: win=0.228 diff=-9.71±1.20 (2s)
  random vs dqn_main: win=0.220 diff=-11.30±1.07 (1s)
  greedy vs hunter: win=0.487 diff=-0.28±0.65 (0s)
  greedy vs expectimax16: win=0.405 diff=-3.59±1.25 (4s)
  greedy vs ppo_main: win=0.412 diff=-2.36±1.31 (3s)
  greedy vs ppo_s1: win=0.454 diff=-2.51±1.18 (2s)
  greedy vs ppo_s2: win=0.416 diff=-2.49±1.15 (2s)
  greedy vs nomem-ppo_nomem: win=0.504 diff=-0.09±1.25 (2s)
  greedy vs dqn_main: win=0.437 diff=-2.59±1.29 (1s)
  hunter vs expectimax16: win=0.455 diff=-2.40±1.19 (4s)
  hunter vs ppo_main: win=0.429 diff=-2.12±1.30 (3s)
  hunter vs ppo_s1: win=0.453 diff=-2.12±1.14 (3s)
  hunter vs ppo_s2: win=0.446 diff=-1.68±1.10 (3s)
  hunter vs nomem-ppo_nomem: win=0.502 diff=+0.65±1.20 (2s)
  hunter vs dqn_main: win=0.453 diff=-1.90±1.22 (1s)
  expectimax16 vs ppo_main: win=0.479 diff=+0.39±1.18 (7s)
  expectimax16 vs ppo_s1: win=0.534 diff=+0.66±1.19 (7s)
  expectimax16 vs ppo_s2: win=0.491 diff=-0.01±1.13 (7s)
  expectimax16 vs nomem-ppo_nomem: win=0.526 diff=+2.08±1.15 (7s)
  expectimax16 vs dqn_main: win=0.525 diff=+0.93±1.11 (6s)
  ppo_main vs ppo_s1: win=0.504 diff=+0.05±1.11 (5s)
  ppo_main vs ppo_s2: win=0.509 diff=+0.41±1.29 (5s)
  ppo_main vs nomem-ppo_nomem: win=0.548 diff=+2.49±1.31 (5s)
  ppo_main vs dqn_main: win=0.506 diff=-0.43±1.16 (4s)
  ppo_s1 vs ppo_s2: win=0.493 diff=+0.32±1.09 (5s)
  ppo_s1 vs nomem-ppo_nomem: win=0.564 diff=+2.87±1.19 (5s)
  ppo_s1 vs dqn_main: win=0.532 diff=+0.46±1.16 (4s)
  ppo_s2 vs nomem-ppo_nomem: win=0.544 diff=+2.11±1.26 (5s)
  ppo_s2 vs dqn_main: win=0.517 diff=+0.14±1.07 (4s)
  nomem-ppo_nomem vs dqn_main: win=0.445 diff=-2.68±1.26 (4s)

Bradley-Terry ratings (Elo-like):
              ppo_main:  1544.4
                ppo_s2:  1543.4
          expectimax16:  1539.4
                ppo_s1:  1534.5
              dqn_main:  1531.2
                hunter:  1504.4
       nomem-ppo_nomem:  1504.3
                greedy:  1492.8
                random:  1305.6
saved -> results/tournament_v2.json
                           matchup     diff      p(t)     p(W)  p(Holm)  sig
          random vs dqn_main          -11.30   4.6e-56  5.3e-38  1.7e-54  *
          random vs ppo_main          -11.58   2.6e-52  1.6e-37  9.1e-51  *
          random vs ppo_s2            -11.09   3.8e-48  4.7e-36  1.3e-46  *
          random vs greedy            -10.75   5.6e-46  7.8e-35  1.9e-44  *
          random vs expectimax16      -10.28   1.1e-45  4.1e-34  3.4e-44  *
          random vs hunter            -10.63   3.4e-45  5.3e-35  1.1e-43  *
          random vs ppo_s1            -10.22   3.8e-41  3.6e-33  1.2e-39  *
          random vs nomem-ppo_nomem    -9.71   1.6e-39  3.5e-33  4.7e-38  *
          greedy vs expectimax16       -3.59   5.6e-08  7.7e-08  1.6e-06  *
          ppo_s1 vs nomem-ppo_nomem    +2.87   3.4e-06  1.5e-05  9.3e-05  *
          greedy vs ppo_s2             -2.49     3e-05  4.5e-06  0.00078  *
          greedy vs ppo_s1             -2.51   4.2e-05  4.1e-05   0.0011  *
 nomem-ppo_nomem vs dqn_main           -2.68   4.4e-05  3.9e-05   0.0011  *
          greedy vs dqn_main           -2.59   0.00011  0.00019   0.0024  *
          hunter vs expectimax16       -2.40    0.0001   0.0002   0.0024  *
        ppo_main vs nomem-ppo_nomem    +2.49   0.00025  0.00024   0.0052  *
          hunter vs ppo_s1             -2.12   0.00034  0.00031   0.0067  *
          greedy vs ppo_main           -2.36   0.00048  4.1e-05    0.009  *
    expectimax16 vs nomem-ppo_nomem    +2.08   0.00048   0.0013    0.009  *
          ppo_s2 vs nomem-ppo_nomem    +2.11    0.0011  0.00097    0.019  *
          hunter vs ppo_main           -2.12    0.0016  0.00018    0.026  *
          hunter vs dqn_main           -1.90    0.0025   0.0063    0.037  *
          hunter vs ppo_s2             -1.68    0.0031   0.0015    0.043  *
          greedy vs hunter             -0.28      0.41      0.2        1  
          greedy vs nomem-ppo_nomem    -0.09      0.89     0.64        1  
          hunter vs nomem-ppo_nomem    +0.65      0.29     0.23        1  
    expectimax16 vs ppo_main           +0.39      0.52     0.76        1  
    expectimax16 vs ppo_s1             +0.66      0.28     0.38        1  
    expectimax16 vs ppo_s2             -0.01      0.99     0.66        1  
    expectimax16 vs dqn_main           +0.93       0.1     0.16        1  
        ppo_main vs ppo_s1             +0.05      0.92     0.77        1  
        ppo_main vs ppo_s2             +0.41      0.54     0.37        1  
        ppo_main vs dqn_main           -0.43      0.47     0.63        1  
          ppo_s1 vs ppo_s2             +0.32      0.57     0.64        1  
          ppo_s1 vs dqn_main           +0.46      0.44     0.42        1  
          ppo_s2 vs dqn_main           +0.14      0.79     0.76        1  

Bradley-Terry ratings with bootstrap 95% CI:
          ppo_main:  1544.4  [ 1535.9,  1553.0]
            ppo_s2:  1543.4  [ 1535.3,  1551.7]
      expectimax16:  1539.4  [ 1531.2,  1548.2]
            ppo_s1:  1534.5  [ 1526.7,  1542.4]
          dqn_main:  1531.2  [ 1522.3,  1539.8]
            hunter:  1504.4  [ 1496.8,  1512.5]
   nomem-ppo_nomem:  1504.3  [ 1496.0,  1512.4]
            greedy:  1492.8  [ 1484.3,  1500.7]
            random:  1305.6  [ 1295.6,  1316.3]

Exploitability (H0: edge = 0):
                            expectimax:6,4            :  +0.06 ±0.96  p=0.9
                                    greedy            :  +3.20 ±1.00  p=4.3e-10
                                    hunter            :  +3.25 ±0.99  p=1.4e-10
  ppo-stoch:runs/ppo_main/checkpoints/ckpt_1000000.zip  @1,000,000:  +6.58 ±0.97  p=0
  ppo-stoch:runs/ppo_main/checkpoints/ckpt_2000000.zip  @2,000,000:  +2.96 ±0.98  p=3.5e-09
  ppo-stoch:runs/ppo_main/checkpoints/ckpt_250000.zip    @250,000: +11.04 ±0.97  p=0
  ppo-stoch:runs/ppo_main/checkpoints/ckpt_4000000.zip  @4,000,000:  +0.59 ±1.00  p=0.24
  ppo-stoch:runs/ppo_main/checkpoints/ckpt_500000.zip    @500,000:  +9.95 ±0.99  p=0
   ppo-stoch:runs/ppo_main/final_model.zip  @6,000,000:  +0.48 ±0.93  p=0.31

saved -> results/tournament_v2_significance.json
=== dqn exploitability Fri Jun 12 09:37:31 +03 2026 ===
BR vs dqn_main: exploitability ≈ +0.23±0.97 pts/game (win 0.501)
saved -> results/exploit/dqn_main_final.json
=== dqn pipeline finished Fri Jun 12 09:42:59 +03 2026 ===
