=== nfsp training Fri Jun 12 11:51:30 +03 2026 ===
[        1] greedy: win=0.26 diff=-10.00±1.88  hunter: win=0.24 diff=-9.58±1.79  expectimax: win=0.20 diff=-11.71±2.76
[  500,000] greedy: win=0.41 diff=-2.22±1.74  hunter: win=0.39 diff=-4.12±1.88  expectimax: win=0.28 diff=-6.85±3.48
[1,000,000] greedy: win=0.48 diff=-0.32±1.80  hunter: win=0.51 diff=-0.30±1.83  expectimax: win=0.44 diff=-1.51±2.81
[1,500,000] greedy: win=0.48 diff=+0.07±1.64  hunter: win=0.52 diff=+0.38±1.93  expectimax: win=0.53 diff=-0.80±3.40
[2,000,000] greedy: win=0.51 diff=+1.23±1.85  hunter: win=0.51 diff=+1.07±2.15  expectimax: win=0.52 diff=-2.08±2.59
[2,500,000] greedy: win=0.56 diff=+1.63±1.99  hunter: win=0.51 diff=+0.90±2.12  expectimax: win=0.46 diff=-1.51±3.92
[3,000,000] greedy: win=0.53 diff=+1.78±2.15  hunter: win=0.53 diff=+0.81±2.15  expectimax: win=0.47 diff=-0.88±3.09
[3,500,000] greedy: win=0.55 diff=+2.40±2.08  hunter: win=0.51 diff=+0.65±2.01  expectimax: win=0.55 diff=-0.88±3.87
[4,000,000] greedy: win=0.54 diff=+1.90±2.08  hunter: win=0.48 diff=+0.68±2.06  expectimax: win=0.51 diff=-2.64±3.44
[4,500,000] greedy: win=0.51 diff=+2.31±2.02  hunter: win=0.50 diff=+1.67±2.14  expectimax: win=0.39 diff=-4.12±3.45
[5,000,000] greedy: win=0.53 diff=+2.55±1.96  hunter: win=0.55 diff=+2.30±2.05  expectimax: win=0.50 diff=-0.71±3.63
[5,500,000] greedy: win=0.54 diff=+2.27±2.01  hunter: win=0.53 diff=+2.12±2.15  expectimax: win=0.44 diff=-2.97±3.39
[6,000,000] greedy: win=0.52 diff=+1.95±2.16  hunter: win=0.53 diff=+2.36±1.99  expectimax: win=0.43 diff=-3.26±4.06
[6,500,000] greedy: win=0.51 diff=+1.54±1.66  hunter: win=0.51 diff=+1.62±1.99  expectimax: win=0.52 diff=-1.70±2.70
[7,000,000] greedy: win=0.50 diff=+1.48±1.80  hunter: win=0.52 diff=+1.36±2.02  expectimax: win=0.36 diff=-1.39±3.58
[7,500,000] greedy: win=0.50 diff=+1.39±1.94  hunter: win=0.52 diff=+1.61±1.99  expectimax: win=0.44 diff=-1.62±3.19
[8,000,000] greedy: win=0.52 diff=+1.58±1.88  hunter: win=0.53 diff=+1.87±1.93  expectimax: win=0.50 diff=-0.18±2.79
[8,500,000] greedy: win=0.54 diff=+2.06±1.89  hunter: win=0.52 diff=+1.86±2.03  expectimax: win=0.43 diff=-4.56±3.48
[9,000,000] greedy: win=0.53 diff=+2.38±1.86  hunter: win=0.52 diff=+1.46±1.95  expectimax: win=0.49 diff=-1.29±3.20
[9,500,000] greedy: win=0.51 diff=+1.27±1.81  hunter: win=0.50 diff=+1.00±2.07  expectimax: win=0.51 diff=-0.59±3.31
[10,000,000] greedy: win=0.51 diff=+1.62±1.90  hunter: win=0.54 diff=+2.27±2.11  expectimax: win=0.42 diff=-4.09±2.62
done in 2342.7s -> runs/nfsp_main
=== nfsp training done Fri Jun 12 12:30:34 +03 2026 ===
=== tournament v3 Fri Jun 12 12:30:34 +03 2026 ===
tournament: ['random', 'greedy', 'hunter', 'expectimax16', 'ppo_main', 'ppo_s1', 'ppo_s2', 'nomem-ppo_nomem', 'dqn_main', 'nfsp_main'], 250 mirrored deals per pair
  random vs greedy: win=0.230 diff=-10.75±1.19 (0s)
  random vs hunter: win=0.221 diff=-10.63±1.19 (0s)
  random vs expectimax16: win=0.228 diff=-10.28±1.14 (4s)
  random vs ppo_main: win=0.219 diff=-11.58±1.16 (3s)
  random vs ppo_s1: win=0.238 diff=-10.22±1.23 (2s)
  random vs ppo_s2: win=0.190 diff=-11.09±1.18 (2s)
  random vs nomem-ppo_nomem: win=0.228 diff=-9.71±1.20 (2s)
  random vs dqn_main: win=0.220 diff=-11.30±1.07 (1s)
  random vs nfsp_main: win=0.195 diff=-11.51±1.15 (1s)
  greedy vs hunter: win=0.487 diff=-0.28±0.65 (0s)
  greedy vs expectimax16: win=0.405 diff=-3.59±1.25 (4s)
  greedy vs ppo_main: win=0.412 diff=-2.36±1.31 (2s)
  greedy vs ppo_s1: win=0.454 diff=-2.51±1.18 (2s)
  greedy vs ppo_s2: win=0.416 diff=-2.49±1.15 (2s)
  greedy vs nomem-ppo_nomem: win=0.504 diff=-0.09±1.25 (2s)
  greedy vs dqn_main: win=0.437 diff=-2.59±1.29 (1s)
  greedy vs nfsp_main: win=0.480 diff=-0.82±1.22 (1s)
  hunter vs expectimax16: win=0.455 diff=-2.40±1.19 (4s)
  hunter vs ppo_main: win=0.429 diff=-2.12±1.30 (2s)
  hunter vs ppo_s1: win=0.453 diff=-2.12±1.14 (2s)
  hunter vs ppo_s2: win=0.446 diff=-1.68±1.10 (2s)
  hunter vs nomem-ppo_nomem: win=0.502 diff=+0.65±1.20 (2s)
  hunter vs dqn_main: win=0.453 diff=-1.90±1.22 (1s)
  hunter vs nfsp_main: win=0.475 diff=-0.25±1.28 (1s)
  expectimax16 vs ppo_main: win=0.479 diff=+0.39±1.18 (7s)
  expectimax16 vs ppo_s1: win=0.534 diff=+0.66±1.19 (7s)
  expectimax16 vs ppo_s2: win=0.491 diff=-0.01±1.13 (7s)
  expectimax16 vs nomem-ppo_nomem: win=0.526 diff=+2.08±1.15 (7s)
  expectimax16 vs dqn_main: win=0.525 diff=+0.93±1.11 (6s)
  expectimax16 vs nfsp_main: win=0.526 diff=+1.02±1.05 (5s)
  ppo_main vs ppo_s1: win=0.504 diff=+0.05±1.11 (5s)
  ppo_main vs ppo_s2: win=0.509 diff=+0.41±1.29 (5s)
  ppo_main vs nomem-ppo_nomem: win=0.548 diff=+2.49±1.31 (5s)
  ppo_main vs dqn_main: win=0.506 diff=-0.43±1.16 (4s)
  ppo_main vs nfsp_main: win=0.532 diff=+1.34±1.24 (3s)
  ppo_s1 vs ppo_s2: win=0.493 diff=+0.32±1.09 (5s)
  ppo_s1 vs nomem-ppo_nomem: win=0.564 diff=+2.87±1.19 (5s)
  ppo_s1 vs dqn_main: win=0.532 diff=+0.46±1.16 (4s)
  ppo_s1 vs nfsp_main: win=0.538 diff=+1.14±1.26 (3s)
  ppo_s2 vs nomem-ppo_nomem: win=0.544 diff=+2.11±1.26 (5s)
  ppo_s2 vs dqn_main: win=0.517 diff=+0.14±1.07 (4s)
  ppo_s2 vs nfsp_main: win=0.531 diff=+0.84±1.21 (3s)
  nomem-ppo_nomem vs dqn_main: win=0.445 diff=-2.68±1.26 (4s)
  nomem-ppo_nomem vs nfsp_main: win=0.496 diff=-0.15±1.30 (3s)
  dqn_main vs nfsp_main: win=0.517 diff=+1.11±1.20 (2s)

Bradley-Terry ratings (Elo-like):
              ppo_main:  1542.3
                ppo_s2:  1541.3
          expectimax16:  1537.4
                ppo_s1:  1533.9
              dqn_main:  1529.4
             nfsp_main:  1517.0
       nomem-ppo_nomem:  1503.7
                hunter:  1502.3
                greedy:  1492.2
                random:  1300.5
saved -> results/tournament_v3.json
                           matchup     diff      p(t)     p(W)  p(Holm)  sig
          random vs dqn_main          -11.30   4.6e-56  5.3e-38  2.1e-54  *
          random vs nfsp_main         -11.51   2.2e-52  1.6e-36  9.5e-51  *
          random vs ppo_main          -11.58   2.6e-52  1.6e-37  1.1e-50  *
          random vs ppo_s2            -11.09   3.8e-48  4.7e-36  1.6e-46  *
          random vs greedy            -10.75   5.6e-46  7.8e-35  2.3e-44  *
          random vs expectimax16      -10.28   1.1e-45  4.1e-34  4.3e-44  *
          random vs hunter            -10.63   3.4e-45  5.3e-35  1.3e-43  *
          random vs ppo_s1            -10.22   3.8e-41  3.6e-33  1.5e-39  *
          random vs nomem-ppo_nomem    -9.71   1.6e-39  3.5e-33    6e-38  *
          greedy vs expectimax16       -3.59   5.6e-08  7.7e-08    2e-06  *
          ppo_s1 vs nomem-ppo_nomem    +2.87   3.4e-06  1.5e-05  0.00012  *
          greedy vs ppo_s2             -2.49     3e-05  4.5e-06    0.001  *
          greedy vs ppo_s1             -2.51   4.2e-05  4.1e-05   0.0014  *
 nomem-ppo_nomem vs dqn_main           -2.68   4.4e-05  3.9e-05   0.0014  *
          greedy vs dqn_main           -2.59   0.00011  0.00019   0.0032  *
          hunter vs expectimax16       -2.40    0.0001   0.0002   0.0032  *
        ppo_main vs nomem-ppo_nomem    +2.49   0.00025  0.00024   0.0072  *
          hunter vs ppo_s1             -2.12   0.00034  0.00031   0.0094  *
          greedy vs ppo_main           -2.36   0.00048  4.1e-05    0.013  *
    expectimax16 vs nomem-ppo_nomem    +2.08   0.00048   0.0013    0.013  *
          ppo_s2 vs nomem-ppo_nomem    +2.11    0.0011  0.00097    0.029  *
          hunter vs ppo_main           -2.12    0.0016  0.00018    0.039  *
          hunter vs dqn_main           -1.90    0.0025   0.0063    0.057  
          hunter vs ppo_s2             -1.68    0.0031   0.0015    0.067  
        ppo_main vs nfsp_main          +1.34     0.035    0.055     0.74  
          greedy vs hunter             -0.28      0.41      0.2        1  
          greedy vs nomem-ppo_nomem    -0.09      0.89     0.64        1  
          greedy vs nfsp_main          -0.82      0.19     0.27        1  
          hunter vs nomem-ppo_nomem    +0.65      0.29     0.23        1  
          hunter vs nfsp_main          -0.25       0.7     0.61        1  
    expectimax16 vs ppo_main           +0.39      0.52     0.76        1  
    expectimax16 vs ppo_s1             +0.66      0.28     0.38        1  
    expectimax16 vs ppo_s2             -0.01      0.99     0.66        1  
    expectimax16 vs dqn_main           +0.93       0.1     0.16        1  
    expectimax16 vs nfsp_main          +1.02     0.059     0.04        1  
        ppo_main vs ppo_s1             +0.05      0.92     0.77        1  
        ppo_main vs ppo_s2             +0.41      0.54     0.37        1  
        ppo_main vs dqn_main           -0.43      0.47     0.63        1  
          ppo_s1 vs ppo_s2             +0.32      0.57     0.64        1  
          ppo_s1 vs dqn_main           +0.46      0.44     0.42        1  
          ppo_s1 vs nfsp_main          +1.14     0.079    0.028        1  
          ppo_s2 vs dqn_main           +0.14      0.79     0.76        1  
          ppo_s2 vs nfsp_main          +0.84      0.18    0.034        1  
 nomem-ppo_nomem vs nfsp_main          -0.15      0.82     0.79        1  
        dqn_main vs nfsp_main          +1.11      0.07     0.12        1  

Bradley-Terry ratings with bootstrap 95% CI:
          ppo_main:  1542.3  [ 1534.4,  1549.9]
            ppo_s2:  1541.3  [ 1533.4,  1549.3]
      expectimax16:  1537.4  [ 1529.7,  1545.2]
            ppo_s1:  1533.9  [ 1526.3,  1541.5]
          dqn_main:  1529.4  [ 1521.6,  1537.3]
         nfsp_main:  1517.0  [ 1509.2,  1524.9]
   nomem-ppo_nomem:  1503.7  [ 1495.8,  1511.6]
            hunter:  1502.3  [ 1494.5,  1510.2]
            greedy:  1492.2  [ 1485.0,  1499.6]
            random:  1300.5  [ 1290.9,  1310.0]

Exploitability (H0: edge = 0):
         dqn:runs/dqn_main/final_model.zip            :  +0.23 ±0.97  p=0.64
                            expectimax:6,4            :  +0.06 ±0.96  p=0.9
                                    greedy            :  +3.20 ±1.00  p=4.3e-10
                                    hunter            :  +3.25 ±0.99  p=1.4e-10
  ppo-stoch:runs/ppo_main/checkpoints/ckpt_1000000.zip  @1,000,000:  +6.58 ±0.97  p=0
  ppo-stoch:runs/ppo_main/checkpoints/ckpt_2000000.zip  @2,000,000:  +2.96 ±0.98  p=3.5e-09
  ppo-stoch:runs/ppo_main/checkpoints/ckpt_250000.zip    @250,000: +11.04 ±0.97  p=0
  ppo-stoch:runs/ppo_main/checkpoints/ckpt_4000000.zip  @4,000,000:  +0.59 ±1.00  p=0.24
  ppo-stoch:runs/ppo_main/checkpoints/ckpt_500000.zip    @500,000:  +9.95 ±0.99  p=0
   ppo-stoch:runs/ppo_main/final_model.zip  @6,000,000:  +0.48 ±0.93  p=0.31

saved -> results/tournament_v3_significance.json
=== nfsp exploitability Fri Jun 12 12:33:01 +03 2026 ===
BR vs nfsp_main: exploitability ≈ +0.74±0.99 pts/game (win 0.512)
saved -> results/exploit/nfsp_main_final.json
=== nfsp internal BR gap Fri Jun 12 12:36:57 +03 2026 ===
internal BR gap: {'agent_a': 'nfsp_br', 'agent_b': 'nfsp_avg', 'n_games': 800, 'win_rate_a': 0.535, 'wins_a': 408, 'wins_b': 352, 'ties': 40, 'mean_diff': 1.151, 'diff_ci95': 0.901, 'pistis_per_game': (np.float64(0.578), np.float64(0.478))}
=== nfsp pipeline finished Fri Jun 12 12:37:00 +03 2026 ===
