=== queue started Fri Jun 12 02:47:09 +03 2026 ===
[        8] curriculum phase 0: {'random': 0.5, 'greedy': 0.5}
[        8] eval: greedy: win=0.19 diff=-12.77±1.56  hunter: win=0.19 diff=-12.79±1.58  expectimax: win=0.24 diff=-10.65±2.60
[  250,000] eval: greedy: win=0.25 diff=-10.08±1.60  hunter: win=0.23 diff=-10.10±1.59  expectimax: win=0.23 diff=-11.18±2.52
[  300,000] curriculum phase 1: {'greedy': 0.6, 'hunter': 0.4}
[  500,000] eval: greedy: win=0.29 diff=-9.15±1.89  hunter: win=0.28 diff=-8.99±1.85  expectimax: win=0.23 diff=-11.83±2.94
[  750,000] eval: greedy: win=0.33 diff=-6.19±1.74  hunter: win=0.34 diff=-5.85±1.71  expectimax: win=0.33 diff=-7.43±2.52
[1,000,000] curriculum phase 2: {'greedy': 0.2, 'hunter': 0.2, 'pool': 0.4, 'latest': 0.2}
[1,000,000] eval: greedy: win=0.41 diff=-3.85±1.87  hunter: win=0.40 diff=-4.19±1.82  expectimax: win=0.39 diff=-6.07±2.60
[1,250,000] eval: greedy: win=0.42 diff=-2.69±1.77  hunter: win=0.43 diff=-2.80±1.62  expectimax: win=0.35 diff=-6.87±2.54
[1,500,000] eval: greedy: win=0.47 diff=-0.88±1.72  hunter: win=0.49 diff=-1.07±1.67  expectimax: win=0.43 diff=-2.89±3.60
[1,750,000] eval: greedy: win=0.47 diff=-1.45±1.78  hunter: win=0.50 diff=-1.17±1.70  expectimax: win=0.46 diff=-3.39±2.66
[2,000,000] eval: greedy: win=0.49 diff=-0.85±1.75  hunter: win=0.48 diff=-0.47±1.67  expectimax: win=0.43 diff=-2.53±2.80
[2,250,000] eval: greedy: win=0.48 diff=-0.61±1.85  hunter: win=0.48 diff=-0.26±1.86  expectimax: win=0.42 diff=-4.63±2.22
[2,500,000] curriculum phase 3: {'greedy': 0.1, 'hunter': 0.1, 'expectimax': 0.1, 'pool': 0.45, 'latest': 0.25}
[2,500,000] eval: greedy: win=0.50 diff=+0.45±1.87  hunter: win=0.49 diff=+0.41±1.76  expectimax: win=0.46 diff=-2.88±3.16
[2,750,000] eval: greedy: win=0.54 diff=+2.34±1.83  hunter: win=0.56 diff=+2.51±1.72  expectimax: win=0.46 diff=-3.03±2.95
[3,000,000] eval: greedy: win=0.52 diff=+2.36±1.69  hunter: win=0.54 diff=+2.93±1.71  expectimax: win=0.48 diff=-1.80±2.75
[3,250,000] eval: greedy: win=0.55 diff=+2.74±1.72  hunter: win=0.58 diff=+3.44±1.70  expectimax: win=0.54 diff=-1.02±2.90
[3,500,000] eval: greedy: win=0.56 diff=+2.75±1.84  hunter: win=0.56 diff=+2.30±1.73  expectimax: win=0.56 diff=-0.20±2.40
[3,750,000] eval: greedy: win=0.53 diff=+1.22±1.73  hunter: win=0.55 diff=+2.04±1.80  expectimax: win=0.48 diff=-0.32±3.19
[4,000,000] eval: greedy: win=0.54 diff=+2.47±1.64  hunter: win=0.56 diff=+2.49±1.63  expectimax: win=0.49 diff=-0.41±2.57
[4,250,000] eval: greedy: win=0.52 diff=+1.26±1.67  hunter: win=0.55 diff=+1.62±1.73  expectimax: win=0.49 diff=-1.63±2.90
[4,500,000] eval: greedy: win=0.52 diff=+1.35±1.69  hunter: win=0.51 diff=+0.67±1.72  expectimax: win=0.50 diff=-1.71±3.29
[4,750,000] eval: greedy: win=0.55 diff=+2.52±1.80  hunter: win=0.55 diff=+2.37±1.67  expectimax: win=0.50 diff=-2.04±2.52
[5,000,000] eval: greedy: win=0.58 diff=+4.01±1.73  hunter: win=0.59 diff=+3.72±1.85  expectimax: win=0.48 diff=-0.98±2.33
[5,250,000] eval: greedy: win=0.57 diff=+3.08±1.61  hunter: win=0.58 diff=+2.96±1.70  expectimax: win=0.47 diff=-1.87±2.62
[5,500,000] eval: greedy: win=0.56 diff=+2.63±1.52  hunter: win=0.58 diff=+2.95±1.53  expectimax: win=0.55 diff=+1.03±2.80
[5,750,000] eval: greedy: win=0.57 diff=+2.90±1.60  hunter: win=0.56 diff=+3.26±1.58  expectimax: win=0.48 diff=-1.58±2.74
[6,000,000] eval: greedy: win=0.58 diff=+2.99±1.71  hunter: win=0.57 diff=+3.14±1.68  expectimax: win=0.54 diff=+0.01±2.53
done in 4000.8s -> runs/ppo_main
=== ppo_main finished, starting follow-ups Fri Jun 12 03:54:21 +03 2026 ===
[        8] curriculum phase 0: {'random': 0.5, 'greedy': 0.5}
[        8] eval: greedy: win=0.23 diff=-11.64±1.76  hunter: win=0.22 diff=-11.20±1.68  expectimax: win=0.23 diff=-10.59±2.56
[  250,000] eval: greedy: win=0.28 diff=-9.71±2.03  hunter: win=0.28 diff=-10.33±2.00  expectimax: win=0.28 diff=-9.99±2.69
[  300,000] curriculum phase 1: {'greedy': 0.6, 'hunter': 0.4}
[  500,000] eval: greedy: win=0.33 diff=-6.43±1.75  hunter: win=0.32 diff=-7.11±1.61  expectimax: win=0.35 diff=-6.86±2.36
[  750,000] eval: greedy: win=0.38 diff=-4.42±1.71  hunter: win=0.38 diff=-4.98±1.64  expectimax: win=0.34 diff=-6.68±2.35
[1,000,000] curriculum phase 2: {'greedy': 0.2, 'hunter': 0.2, 'pool': 0.4, 'latest': 0.2}
[1,000,000] eval: greedy: win=0.44 diff=-2.25±1.70  hunter: win=0.44 diff=-2.32±1.71  expectimax: win=0.35 diff=-6.53±2.92
[1,250,000] eval: greedy: win=0.49 diff=-0.86±1.73  hunter: win=0.47 diff=-1.53±1.66  expectimax: win=0.52 diff=-1.03±2.61
[1,500,000] eval: greedy: win=0.48 diff=-0.03±1.83  hunter: win=0.52 diff=+0.23±1.75  expectimax: win=0.48 diff=-1.23±2.40
[1,750,000] eval: greedy: win=0.54 diff=+1.49±1.85  hunter: win=0.54 diff=+1.85±1.73  expectimax: win=0.45 diff=-2.81±2.77
[2,000,000] eval: greedy: win=0.51 diff=+0.38±1.94  hunter: win=0.49 diff=-0.23±1.89  expectimax: win=0.42 diff=-2.29±2.11
[2,250,000] eval: greedy: win=0.56 diff=+1.68±1.71  hunter: win=0.51 diff=+0.83±1.69  expectimax: win=0.47 diff=-2.69±2.59
[2,500,000] curriculum phase 3: {'greedy': 0.1, 'hunter': 0.1, 'expectimax': 0.1, 'pool': 0.45, 'latest': 0.25}
[2,500,000] eval: greedy: win=0.54 diff=+1.69±1.77  hunter: win=0.51 diff=+1.38±1.72  expectimax: win=0.43 diff=-3.42±2.58
[2,750,000] eval: greedy: win=0.53 diff=+1.82±1.83  hunter: win=0.54 diff=+1.71±1.77  expectimax: win=0.48 diff=-0.02±2.46
[3,000,000] eval: greedy: win=0.53 diff=+2.38±1.69  hunter: win=0.52 diff=+1.96±1.53  expectimax: win=0.46 diff=-1.48±2.61
[3,250,000] eval: greedy: win=0.52 diff=+1.22±1.72  hunter: win=0.54 diff=+1.28±1.70  expectimax: win=0.54 diff=+0.18±2.52
[3,500,000] eval: greedy: win=0.52 diff=+2.41±1.83  hunter: win=0.50 diff=+1.95±1.80  expectimax: win=0.43 diff=-2.17±3.05
[3,750,000] eval: greedy: win=0.55 diff=+1.83±1.71  hunter: win=0.52 diff=+1.08±1.62  expectimax: win=0.47 diff=-1.92±2.73
[4,000,000] eval: greedy: win=0.52 diff=+1.28±1.79  hunter: win=0.51 diff=+1.10±1.63  expectimax: win=0.52 diff=-1.56±2.66
[4,250,000] eval: greedy: win=0.55 diff=+1.55±1.74  hunter: win=0.52 diff=+1.27±1.70  expectimax: win=0.47 diff=-1.91±2.34
[4,500,000] eval: greedy: win=0.53 diff=+2.15±1.81  hunter: win=0.51 diff=+1.16±1.72  expectimax: win=0.50 diff=-2.52±2.81
[4,750,000] eval: greedy: win=0.55 diff=+2.44±2.00  hunter: win=0.54 diff=+1.94±1.79  expectimax: win=0.52 diff=-0.94±2.64
[5,000,000] eval: greedy: win=0.54 diff=+1.42±1.85  hunter: win=0.52 diff=+1.40±1.69  expectimax: win=0.47 diff=-0.62±2.93
[5,250,000] eval: greedy: win=0.54 diff=+1.07±1.78  hunter: win=0.52 diff=+1.22±1.69  expectimax: win=0.55 diff=-0.57±2.73
[5,500,000] eval: greedy: win=0.55 diff=+2.07±1.82  hunter: win=0.54 diff=+1.42±1.69  expectimax: win=0.46 diff=-1.80±2.48
[5,750,000] eval: greedy: win=0.55 diff=+2.33±1.73  hunter: win=0.55 diff=+2.33±1.49  expectimax: win=0.45 diff=-0.59±2.20
[6,000,000] eval: greedy: win=0.53 diff=+1.70±1.85  hunter: win=0.52 diff=+1.44±1.78  expectimax: win=0.47 diff=-2.15±2.52
done in 2934.9s -> runs/ppo_s1
=== ppo_s1 done Fri Jun 12 04:43:18 +03 2026 ===
[        8] curriculum phase 0: {'random': 0.5, 'greedy': 0.5}
[        8] eval: greedy: win=0.22 diff=-11.60±1.56  hunter: win=0.22 diff=-10.95±1.50  expectimax: win=0.17 diff=-14.21±3.50
[  250,000] eval: greedy: win=0.31 diff=-9.02±1.58  hunter: win=0.28 diff=-9.75±1.54  expectimax: win=0.23 diff=-11.59±2.99
[  300,000] curriculum phase 1: {'greedy': 0.6, 'hunter': 0.4}
[  500,000] eval: greedy: win=0.33 diff=-6.28±1.51  hunter: win=0.33 diff=-6.71±1.50  expectimax: win=0.33 diff=-6.95±2.48
[  750,000] eval: greedy: win=0.40 diff=-4.05±1.29  hunter: win=0.36 diff=-4.98±1.30  expectimax: win=0.30 diff=-8.29±2.40
[1,000,000] curriculum phase 2: {'greedy': 0.2, 'hunter': 0.2, 'pool': 0.4, 'latest': 0.2}
[1,000,000] eval: greedy: win=0.41 diff=-3.30±1.56  hunter: win=0.41 diff=-3.34±1.62  expectimax: win=0.38 diff=-5.86±2.73
[1,250,000] eval: greedy: win=0.46 diff=-1.42±1.64  hunter: win=0.46 diff=-1.75±1.76  expectimax: win=0.38 diff=-6.48±3.41
[1,500,000] eval: greedy: win=0.51 diff=-0.31±1.60  hunter: win=0.51 diff=-0.37±1.69  expectimax: win=0.38 diff=-3.11±2.53
[1,750,000] eval: greedy: win=0.53 diff=+0.92±1.63  hunter: win=0.55 diff=+0.95±1.62  expectimax: win=0.41 diff=-0.86±2.37
[2,000,000] eval: greedy: win=0.56 diff=+1.87±1.70  hunter: win=0.55 diff=+1.34±1.60  expectimax: win=0.39 diff=-3.22±2.39
[2,250,000] eval: greedy: win=0.56 diff=+2.47±1.53  hunter: win=0.56 diff=+2.40±1.61  expectimax: win=0.43 diff=-2.94±2.44
[2,500,000] curriculum phase 3: {'greedy': 0.1, 'hunter': 0.1, 'expectimax': 0.1, 'pool': 0.45, 'latest': 0.25}
[2,500,000] eval: greedy: win=0.56 diff=+2.07±1.70  hunter: win=0.54 diff=+1.74±1.71  expectimax: win=0.39 diff=-4.17±2.51
[2,750,000] eval: greedy: win=0.55 diff=+1.88±1.66  hunter: win=0.55 diff=+1.74±1.66  expectimax: win=0.46 diff=-2.82±3.17
[3,000,000] eval: greedy: win=0.57 diff=+2.53±1.54  hunter: win=0.57 diff=+2.22±1.59  expectimax: win=0.43 diff=-2.47±2.79
[3,250,000] eval: greedy: win=0.56 diff=+2.62±1.88  hunter: win=0.59 diff=+2.96±1.86  expectimax: win=0.41 diff=-2.17±2.80
[3,500,000] eval: greedy: win=0.55 diff=+2.65±1.77  hunter: win=0.55 diff=+2.38±1.69  expectimax: win=0.47 diff=-2.54±2.61
[3,750,000] eval: greedy: win=0.52 diff=+1.43±1.63  hunter: win=0.53 diff=+1.34±1.51  expectimax: win=0.43 diff=-1.22±2.79
[4,000,000] eval: greedy: win=0.57 diff=+1.98±1.77  hunter: win=0.57 diff=+1.78±1.72  expectimax: win=0.47 diff=-1.90±2.72
[4,250,000] eval: greedy: win=0.51 diff=+1.75±1.74  hunter: win=0.53 diff=+1.88±1.74  expectimax: win=0.47 diff=-1.35±3.49
[4,500,000] eval: greedy: win=0.55 diff=+2.09±1.67  hunter: win=0.53 diff=+1.62±1.61  expectimax: win=0.46 diff=-1.69±2.65
[4,750,000] eval: greedy: win=0.52 diff=+1.88±1.59  hunter: win=0.54 diff=+2.03±1.57  expectimax: win=0.49 diff=-0.10±2.17
[5,000,000] eval: greedy: win=0.52 diff=+1.59±1.67  hunter: win=0.52 diff=+1.06±1.83  expectimax: win=0.47 diff=-0.94±2.31
[5,250,000] eval: greedy: win=0.54 diff=+2.20±1.65  hunter: win=0.54 diff=+1.67±1.75  expectimax: win=0.49 diff=-0.84±2.86
[5,500,000] eval: greedy: win=0.55 diff=+2.01±1.75  hunter: win=0.55 diff=+1.60±1.68  expectimax: win=0.45 diff=-2.70±3.05
[5,750,000] eval: greedy: win=0.55 diff=+2.50±1.65  hunter: win=0.55 diff=+2.64±1.78  expectimax: win=0.50 diff=-2.79±2.55
[6,000,000] eval: greedy: win=0.54 diff=+2.27±1.56  hunter: win=0.56 diff=+3.16±1.64  expectimax: win=0.45 diff=-2.42±2.84
done in 5978.7s -> runs/ppo_s2
=== ppo_s2 done Fri Jun 12 06:23:00 +03 2026 ===
[        8] curriculum phase 0: {'random': 0.5, 'greedy': 0.5}
[        8] eval: greedy: win=0.22 diff=-10.17±1.48  hunter: win=0.21 diff=-10.75±1.51  expectimax: win=0.21 diff=-11.71±2.48
[  250,000] eval: greedy: win=0.32 diff=-7.56±1.78  hunter: win=0.30 diff=-8.24±1.70  expectimax: win=0.26 diff=-9.30±2.61
[  300,000] curriculum phase 1: {'greedy': 0.6, 'hunter': 0.4}
[  500,000] eval: greedy: win=0.37 diff=-5.52±1.47  hunter: win=0.39 diff=-5.65±1.47  expectimax: win=0.28 diff=-7.90±2.61
[  750,000] eval: greedy: win=0.41 diff=-3.52±1.46  hunter: win=0.41 diff=-3.65±1.31  expectimax: win=0.27 diff=-8.64±2.79
[1,000,000] curriculum phase 2: {'greedy': 0.2, 'hunter': 0.2, 'pool': 0.4, 'latest': 0.2}
[1,000,000] eval: greedy: win=0.44 diff=-1.82±1.54  hunter: win=0.42 diff=-2.50±1.59  expectimax: win=0.33 diff=-6.54±2.85
[1,250,000] eval: greedy: win=0.44 diff=-2.88±1.65  hunter: win=0.44 diff=-2.62±1.65  expectimax: win=0.38 diff=-6.14±2.60
[1,500,000] eval: greedy: win=0.51 diff=-0.15±1.66  hunter: win=0.49 diff=+0.02±1.57  expectimax: win=0.32 diff=-6.86±2.56
[1,750,000] eval: greedy: win=0.52 diff=+0.78±1.67  hunter: win=0.52 diff=+0.50±1.62  expectimax: win=0.34 diff=-4.74±2.65
[2,000,000] eval: greedy: win=0.52 diff=+0.43±1.66  hunter: win=0.52 diff=+0.34±1.52  expectimax: win=0.34 diff=-6.47±2.62
[2,250,000] eval: greedy: win=0.48 diff=-0.21±1.48  hunter: win=0.51 diff=+0.98±1.47  expectimax: win=0.34 diff=-6.03±2.74
[2,500,000] curriculum phase 3: {'greedy': 0.1, 'hunter': 0.1, 'expectimax': 0.1, 'pool': 0.45, 'latest': 0.25}
[2,500,000] eval: greedy: win=0.50 diff=+0.07±1.48  hunter: win=0.51 diff=-0.08±1.54  expectimax: win=0.34 diff=-6.33±2.63
[2,750,000] eval: greedy: win=0.47 diff=-0.59±1.61  hunter: win=0.49 diff=-0.19±1.58  expectimax: win=0.38 diff=-5.28±3.02
[3,000,000] eval: greedy: win=0.48 diff=-0.35±1.63  hunter: win=0.50 diff=+0.04±1.59  expectimax: win=0.45 diff=-2.26±2.74
[3,250,000] eval: greedy: win=0.51 diff=+0.44±1.63  hunter: win=0.52 diff=+0.70±1.60  expectimax: win=0.48 diff=-1.75±2.54
[3,500,000] eval: greedy: win=0.49 diff=-0.20±1.60  hunter: win=0.50 diff=+0.04±1.60  expectimax: win=0.45 diff=-0.95±2.76
[3,750,000] eval: greedy: win=0.54 diff=+0.95±1.68  hunter: win=0.53 diff=+1.06±1.51  expectimax: win=0.38 diff=-3.88±2.49
[4,000,000] eval: greedy: win=0.50 diff=+0.42±1.64  hunter: win=0.51 diff=+0.83±1.58  expectimax: win=0.41 diff=-3.20±2.66
[4,250,000] eval: greedy: win=0.54 diff=+1.14±1.59  hunter: win=0.53 diff=+0.64±1.59  expectimax: win=0.41 diff=-3.54±2.46
[4,500,000] eval: greedy: win=0.53 diff=+1.08±1.63  hunter: win=0.53 diff=+1.04±1.60  expectimax: win=0.41 diff=-3.50±2.80
[4,750,000] eval: greedy: win=0.52 diff=+0.83±1.64  hunter: win=0.50 diff=-0.00±1.63  expectimax: win=0.34 diff=-4.98±2.43
[5,000,000] eval: greedy: win=0.53 diff=+1.27±1.60  hunter: win=0.52 diff=+0.91±1.61  expectimax: win=0.41 diff=-1.75±2.75
[5,250,000] eval: greedy: win=0.49 diff=+0.21±1.52  hunter: win=0.48 diff=-0.18±1.59  expectimax: win=0.42 diff=-3.72±2.91
[5,500,000] eval: greedy: win=0.51 diff=+1.02±1.52  hunter: win=0.53 diff=+1.44±1.64  expectimax: win=0.35 diff=-5.00±3.42
[5,750,000] eval: greedy: win=0.51 diff=+0.14±1.65  hunter: win=0.48 diff=-0.06±1.64  expectimax: win=0.42 diff=-3.58±3.12
[6,000,000] eval: greedy: win=0.47 diff=-0.60±1.63  hunter: win=0.45 diff=-0.74±1.58  expectimax: win=0.43 diff=-2.42±2.32
done in 2444.1s -> runs/ppo_nomem
=== queue2 finished Fri Jun 12 07:03:46 +03 2026 ===
